// Jest Snapshot v1, https://goo.gl/fbAQLP

exports[`IterationDropdown default shows gl-dropdown 1`] = `
<b-dropdown-stub
  block="true"
  boundary="scrollParent"
  class="gl-dropdown gl-w-full"
  offset="0"
  popperopts="[object Object]"
  role="menu"
  size="md"
  splitbuttontype="button"
  splitclass=",[object Object]"
  toggleclass=",[object Object]"
  toggletag="button"
  toggletext="Toggle dropdown"
  variant="default"
>
  <div
    class="gl-dropdown-inner"
  >
    <div
      class="gl-dropdown-header gl-border-b-0!"
    >
      <p
        class="gl-dropdown-header-top"
      >
        
        Assign Iteration
      
      </p>
       
      <gl-search-box-by-type-stub
        clearbuttontitle="Clear"
        value=""
      />
    </div>
     
    <!---->
     
    <div
      class="gl-dropdown-contents"
    >
      <!---->
        
      <gl-dropdown-item-stub
        avatarurl=""
        iconcolor=""
        iconname=""
        iconrightarialabel=""
        iconrightname=""
        ischeckitem="true"
        secondarytext=""
      >
        
    No iteration
  
      </gl-dropdown-item-stub>
       
      <gl-dropdown-divider-stub />
       
    </div>
     
    <!---->
  </div>
</b-dropdown-stub>
`;
