// Jest Snapshot v1, https://goo.gl/fbAQLP

exports[`Work Item Note Replying should have the note body and header 1`] = `"<note-header-stub author=\\"[object Object]\\" actiontext=\\"\\" noteabletype=\\"\\" expanded=\\"true\\" showspinner=\\"true\\"></note-header-stub>"`;
