// Jest Snapshot v1, https://goo.gl/fbAQLP

exports[`Contributors charts should render charts and a RefSelector when loading completed and there is chart data 1`] = `
<div>
  <div
    class="gl-border-b gl-border-gray-100 gl-mb-6 gl-bg-gray-10 gl-p-5"
  >
    <div
      class="gl-display-flex"
    >
      <div
        class="gl-mr-3"
      >
        <refselector-stub
          enabledreftypes="REF_TYPE_BRANCHES,REF_TYPE_TAGS"
          name=""
          projectid="23"
          state="true"
          togglebuttonclass="gl-max-w-26"
          translations="[object Object]"
          value="main"
        />
      </div>
       
      <a
        class="btn btn-default btn-md gl-button"
        data-testid="history-button"
        href="some/path"
      >
        <!---->
         
        <!---->
          
        <span
          class="gl-button-text"
        >
          History
        
        </span>
      </a>
    </div>
  </div>
   
  <div
    data-testid="contributors-charts"
  >
    <h4
      class="gl-mb-2 gl-mt-5"
    >
      Commits to main
    </h4>
     
    <span>
      Excluding merge commits. Limited to 6,000 commits.
    </span>
     
    <div>
      <glareachart-stub
        annotations=""
        class="gl-mb-5"
        data="[object Object]"
        height="264"
        includelegendavgmax="true"
        legendaveragetext="Avg"
        legendcurrenttext="Current"
        legendlayout="inline"
        legendmaxtext="Max"
        legendmintext="Min"
        option="[object Object]"
        thresholds=""
        width="0"
      />
    </div>
     
    <div
      class="row"
    >
      <div
        class="col-lg-6 col-12 gl-my-5"
      >
        <h4
          class="gl-mb-2 gl-mt-0"
        >
          John
        </h4>
         
        <p
          class="gl-mb-3"
        >
          
            2 commits (jawnnypoo@gmail.com)
          
        </p>
         
        <div>
          <glareachart-stub
            annotations=""
            data="[object Object]"
            height="216"
            includelegendavgmax="true"
            legendaveragetext="Avg"
            legendcurrenttext="Current"
            legendlayout="inline"
            legendmaxtext="Max"
            legendmintext="Min"
            option="[object Object]"
            thresholds=""
            width="0"
          />
        </div>
      </div>
    </div>
  </div>
</div>
`;
