// Jest Snapshot v1, https://goo.gl/fbAQLP

exports[`~/vue_merge_request_widget/components/widget/dynamic_content.vue renders given data 1`] = `
"<content-row-stub level=\\"2\\" statusiconname=\\"success\\" widgetname=\\"MyWidget\\" header=\\"This is a header,This is a subheader\\" helppopover=\\"[object Object]\\" actionbuttons=\\"\\">
  <div class=\\"gl-display-flex gl-flex-direction-column\\">
    <div>
      <p class=\\"gl-mb-0\\">Main text for the row</p>
      <gl-link-stub href=\\"https://gitlab.com\\">Optional link to display after text</gl-link-stub>
      <!---->
      <gl-badge-stub size=\\"md\\" variant=\\"info\\" iconsize=\\"md\\">
        Badge is optional. Text to be displayed inside badge
      </gl-badge-stub>
      <actions-stub widget=\\"MyWidget\\" tertiarybuttons=\\"\\" class=\\"gl-ml-auto gl-pl-3\\"></actions-stub>
      <p class=\\"gl-m-0 gl-font-sm\\">Optional: Smaller sub-text to be displayed below the main text</p>
    </div>
    <ul class=\\"gl-m-0 gl-p-0 gl-list-style-none\\">
      <li>
        <content-row-stub level=\\"3\\" statusiconname=\\"\\" widgetname=\\"MyWidget\\" header=\\"Child row header\\" actionbuttons=\\"\\" data-qa-selector=\\"child_content\\">
          <div class=\\"gl-display-flex gl-flex-direction-column\\">
            <div>
              <p class=\\"gl-mb-0\\">This is recursive. It will be listed in level 3.</p>
              <!---->
              <!---->
              <!---->
              <actions-stub widget=\\"MyWidget\\" tertiarybuttons=\\"\\" class=\\"gl-ml-auto gl-pl-3\\"></actions-stub>
              <!---->
            </div>
            <!---->
          </div>
        </content-row-stub>
      </li>
    </ul>
  </div>
</content-row-stub>"
`;
