// Jest Snapshot v1, https://goo.gl/fbAQLP

exports[`AssociationsList when counts are 0 does not render items 1`] = `""`;

exports[`AssociationsList when counts are plural renders plural counts 1`] = `
"<ul class=\\"gl-mb-5\\">
  <li><strong>2</strong> groups</li>
  <li><strong>3</strong> projects</li>
  <li><strong>4</strong> issues</li>
  <li><strong>5</strong> merge requests</li>
</ul>"
`;

exports[`AssociationsList when counts are singular renders singular counts 1`] = `
"<ul class=\\"gl-mb-5\\">
  <li><strong>1</strong> group</li>
  <li><strong>1</strong> project</li>
  <li><strong>1</strong> issue</li>
  <li><strong>1</strong> merge request</li>
</ul>"
`;

exports[`AssociationsList when there is an error displays an alert 1`] = `
"<div class=\\"gl-mb-5 gl-alert gl-alert-not-dismissible gl-alert-danger\\"><svg data-testid=\\"error-icon\\" role=\\"img\\" aria-hidden=\\"true\\" class=\\"gl-icon s16 gl-alert-icon gl-alert-icon-no-title\\">
    <use href=\\"#error\\"></use>
  </svg>
  <div role=\\"alert\\" aria-live=\\"assertive\\" class=\\"gl-alert-content\\">
    <!---->
    <div class=\\"gl-alert-body\\">An error occurred while fetching this user's contributions, and the request cannot return the number of issues, merge requests, groups, and projects linked to this user. If you proceed with deleting the user, all their contributions will still be deleted.</div>
    <!---->
  </div>
  <!---->
</div>"
`;
