// Jest Snapshot v1, https://goo.gl/fbAQLP

exports[`Issue placeholder note component matches snapshot 1`] = `
<timeline-entry-item-stub
  class="note note-wrapper note-comment being-posted fade-in-half"
>
  <div
    class="timeline-avatar gl-float-left"
  >
    <gl-avatar-link-stub
      href="/root"
    >
      <gl-avatar-stub
        alt="Root"
        entityid="0"
        entityname="root"
        shape="circle"
        size="32"
        src="mock_path"
      />
    </gl-avatar-link-stub>
  </div>
   
  <div
    class="timeline-content discussion"
  >
    <div
      class="note-header"
    >
      <div
        class="note-header-info"
      >
        <a
          href="/root"
        >
          <span
            class="d-none d-sm-inline-block bold"
          >
            Root
          </span>
           
          <span
            class="note-headline-light"
          >
            @root
          </span>
        </a>
      </div>
    </div>
     
    <div
      class="timeline-discussion-body"
    >
      <div
        class="note-body"
      >
        <div
          class="note-text md"
        >
          <p>
            Foo
          </p>
          

        </div>
      </div>
    </div>
  </div>
</timeline-entry-item-stub>
`;
