// Jest Snapshot v1, https://goo.gl/fbAQLP

exports[`MlCandidate renders correctly 1`] = `
<div>
  <div
    class="gl-alert gl-alert-warning"
  >
    <svg
      aria-hidden="true"
      class="gl-icon s16 gl-alert-icon"
      data-testid="warning-icon"
      role="img"
    >
      <use
        href="#warning"
      />
    </svg>
     
    <div
      aria-live="assertive"
      class="gl-alert-content"
      role="alert"
    >
      <h2
        class="gl-alert-title"
      >
        Machine Learning Experiment Tracking is in Incubating Phase
      </h2>
       
      <div
        class="gl-alert-body"
      >
        
  GitLab incubates features to explore new use cases. These features are updated regularly, and support is limited
  
        <a
          class="gl-link"
          href="https://about.gitlab.com/handbook/engineering/incubation/"
          rel="noopener noreferrer"
          target="_blank"
        >
          Learn more
        </a>
      </div>
       
      <div
        class="gl-alert-actions"
      >
        <a
          class="btn gl-alert-action btn-confirm btn-md gl-button"
          href="https://gitlab.com/gitlab-org/gitlab/-/issues/381660"
        >
          <!---->
           
          <!---->
            
          <span
            class="gl-button-text"
          >
            
          Feedback
        
          </span>
        </a>
      </div>
    </div>
     
    <button
      aria-label="Dismiss"
      class="btn gl-dismiss-btn btn-default btn-sm gl-button btn-default-tertiary btn-icon"
      type="button"
    >
      <!---->
       
      <svg
        aria-hidden="true"
        class="gl-button-icon gl-icon s16"
        data-testid="close-icon"
        role="img"
      >
        <use
          href="#close"
        />
      </svg>
        
      <!---->
    </button>
  </div>
   
  <h3>
    
    Model candidate details
  
  </h3>
   
  <table
    class="candidate-details"
  >
    <tbody>
      <tr
        class="divider"
      />
       
      <tr>
        <td
          class="gl-text-secondary gl-font-weight-bold"
        >
          Info
        </td>
         
        <td
          class="gl-font-weight-bold"
        >
          ID
        </td>
         
        <td>
          candidate_iid
        </td>
      </tr>
       
      <tr>
        <td />
         
        <td
          class="gl-font-weight-bold"
        >
          Status
        </td>
         
        <td>
          SUCCESS
        </td>
      </tr>
       
      <tr>
        <td />
         
        <td
          class="gl-font-weight-bold"
        >
          Experiment
        </td>
         
        <td>
          <a
            class="gl-link"
            href="#"
          >
            The Experiment
          </a>
        </td>
      </tr>
       
      <!---->
       
      <tr
        class="divider"
      />
       
      <tr>
        <td
          class="gl-text-secondary gl-font-weight-bold"
        >
          
            Parameters
          
        </td>
         
        <td
          class="gl-font-weight-bold"
        >
          Algorithm
        </td>
         
        <td>
          Decision Tree
        </td>
      </tr>
      <tr>
        <td />
         
        <td
          class="gl-font-weight-bold"
        >
          MaxDepth
        </td>
         
        <td>
          3
        </td>
      </tr>
      <tr
        class="divider"
      />
       
      <tr>
        <td
          class="gl-text-secondary gl-font-weight-bold"
        >
          
            Metrics
          
        </td>
         
        <td
          class="gl-font-weight-bold"
        >
          AUC
        </td>
         
        <td>
          .55
        </td>
      </tr>
      <tr>
        <td />
         
        <td
          class="gl-font-weight-bold"
        >
          Accuracy
        </td>
         
        <td>
          .99
        </td>
      </tr>
      <tr
        class="divider"
      />
       
      <tr>
        <td
          class="gl-text-secondary gl-font-weight-bold"
        >
          
            Metadata
          
        </td>
         
        <td
          class="gl-font-weight-bold"
        >
          FileName
        </td>
         
        <td>
          test.py
        </td>
      </tr>
      <tr>
        <td />
         
        <td
          class="gl-font-weight-bold"
        >
          ExecutionTime
        </td>
         
        <td>
          .0856
        </td>
      </tr>
    </tbody>
  </table>
</div>
`;
