// Jest Snapshot v1, https://goo.gl/fbAQLP

exports[`MemberTableCell exposes CE scoped slot props 1`] = `
Object {
  "isCurrentUser": false,
  "isDirectMember": false,
  "memberType": "user",
  "permissions": Object {
    "canBan": undefined,
    "canDisableTwoFactor": false,
    "canOverride": false,
    "canRemove": false,
    "canRemoveBlockedByLastOwner": false,
    "canResend": false,
    "canUnban": false,
    "canUpdate": false,
  },
}
`;
